Hello from Stratos!
This is a test file.
Error handling works!